  Determining projects to restore...
C:\Users\firel\.gemini\antigravity\scratch\ElderCare\src\ElderCare.Application\ElderCare.Application.csproj : warning NU1903: Package 'Microsoft.Extensions.Caching.Memory' 8.0.0 has a known high severity vulnerability, https://github.com/advisories/GHSA-qj66-m88j-hmgj
  All projects are up-to-date for restore.
C:\Users\firel\.gemini\antigravity\scratch\ElderCare\src\ElderCare.Application\ElderCare.Application.csproj : warning NU1903: Package 'Microsoft.Extensions.Caching.Memory' 8.0.0 has a known high severity vulnerability, https://github.com/advisories/GHSA-qj66-m88j-hmgj
  ElderCare.Domain -> C:\Users\firel\.gemini\antigravity\scratch\ElderCare\src\ElderCare.Domain\bin\Debug\net9.0\ElderCare.Domain.dll
C:\Users\firel\.gemini\antigravity\scratch\ElderCare\src\ElderCare.Application\Services\NotificationService.cs(92,45): error CS1503: Argument 1: cannot convert from 'System.Guid' to 'ElderCare.Domain.Entities.Notification' [C:\Users\firel\.gemini\antigravity\scratch\ElderCare\src\ElderCare.Application\ElderCare.Application.csproj]
C:\Users\firel\.gemini\antigravity\scratch\ElderCare\src\ElderCare.Application\Features\Matching\Queries\MatchingQueries.cs(69,56): warning CS8620: Argument of type 'List<MatchingResultDto?>' cannot be used for parameter 'data' of type 'List<MatchingResultDto>' in 'Result<List<MatchingResultDto>> Result<List<MatchingResultDto>>.Success(List<MatchingResultDto> data, string message = "Operation successful")' due to differences in the nullability of reference types. [C:\Users\firel\.gemini\antigravity\scratch\ElderCare\src\ElderCare.Application\ElderCare.Application.csproj]

Build FAILED.

C:\Users\firel\.gemini\antigravity\scratch\ElderCare\src\ElderCare.Application\ElderCare.Application.csproj : warning NU1903: Package 'Microsoft.Extensions.Caching.Memory' 8.0.0 has a known high severity vulnerability, https://github.com/advisories/GHSA-qj66-m88j-hmgj
C:\Users\firel\.gemini\antigravity\scratch\ElderCare\src\ElderCare.Application\ElderCare.Application.csproj : warning NU1903: Package 'Microsoft.Extensions.Caching.Memory' 8.0.0 has a known high severity vulnerability, https://github.com/advisories/GHSA-qj66-m88j-hmgj
C:\Users\firel\.gemini\antigravity\scratch\ElderCare\src\ElderCare.Application\Features\Matching\Queries\MatchingQueries.cs(69,56): warning CS8620: Argument of type 'List<MatchingResultDto?>' cannot be used for parameter 'data' of type 'List<MatchingResultDto>' in 'Result<List<MatchingResultDto>> Result<List<MatchingResultDto>>.Success(List<MatchingResultDto> data, string message = "Operation successful")' due to differences in the nullability of reference types. [C:\Users\firel\.gemini\antigravity\scratch\ElderCare\src\ElderCare.Application\ElderCare.Application.csproj]
C:\Users\firel\.gemini\antigravity\scratch\ElderCare\src\ElderCare.Application\Services\NotificationService.cs(92,45): error CS1503: Argument 1: cannot convert from 'System.Guid' to 'ElderCare.Domain.Entities.Notification' [C:\Users\firel\.gemini\antigravity\scratch\ElderCare\src\ElderCare.Application\ElderCare.Application.csproj]
    3 Warning(s)
    1 Error(s)

Time Elapsed 00:00:01.40
